<html>
<head>
<title>The Sikhism Home Page</title>
<meta http-equiv="Content-Type" content="text/html; charset=iso-8859-1">
</head>

<body bgcolor="#FFFFFF">
<center>
  <img src="vtour.gif" width="451" height="150"> <br>
  <table border="0">
    <tr>
      <td align="center"><img src="t_photos2.gif" width="269" height="26">
        <P> <img height="300" src="gall8.jpg" width="190" border="5"> 
      </td>
    </tr>
  </table>
    <p><a href="index.html"><img src="b_back.gif" width="70" height="67" border="0"></a> 
  </p>
 <p><img src="copyrigh.gif" width="243" height="70" alt="Copyright 1998 Sandeep Singh Brar. All Rights Reserved."><br>
  <table border="0" width="300">
    <tr>
      <td><font face="Arial, Helvetica, sans-serif" size="1">No images, photographs, 
        panoramics or movies from this web site can be reproduced, copied or used 
        in any manner without express written permission of the artist, Sandeep 
        Singh Brar.</font></td>
    </tr>
  </table>
</center>
</body>
</html>
