<html>
<head>
<title>The Sikhism Home Page</title>
<meta http-equiv="Content-Type" content="text/html; charset=iso-8859-1">
</head>
<body bgcolor="#FFFFFF" link="#FFFF00" vlink="#FFFF00" alink="#FFFF00">
<center>
  <p><img src="vtour.gif" width="451" height="150"> </p>
  <table border="0" width="500">
    <tr> 
      <td valign="top"> 
        <p><img src="t_pano.gif" width="269" height="26"><br>
          <font face="Arial, Helvetica, sans-serif" size="2"><img src="drawing1.gif" width="61" height="42" align="left">View 
          striking panoramic images of the Golden Temple Complex which make you 
          feel that your are standing there right now. The latest Immersive Imaging 
          technology has been used to create these panoramic images. Netscape 
          3 or Internet Explorer 3 are minimum requirements to view these panoramics. 
          Just click on any 'P' on the map below and wait for the image to finish 
          downloading. When it appears, click on it and drag your mouse to the 
          left or right to change your view.</font><br>
          <font face="Arial, Helvetica, sans-serif" size="2">
          <center>
            <img src="plan1.gif" width="379" height="337" border="0" usemap="#gplan">
          </center>
          </font> </p>
        <p><img src="t_movie.gif" width="269" height="26"> <br>
          <font face="Arial, Helvetica, sans-serif" size="2"><b><font color="#FF0000"><img src="drawing1.gif" width="61" height="42" align="left">Harimandir 
          Sahib: A Spiritual Journey</font></b><br>
          An inspiring and uplifting audiovisual celebration of the experience 
          of visiting Sri Harimandir Sahib. This 7.5 minute movie requires the 
          RealNetworks Real Player 5.0 to view, if you do not have it a link to 
          their website is provided. The movie can be viewed as a streaming video 
          by clicking on the link below which best describes your Internet connection 
          or as a downloadable file. If while watching the streaming movie, it 
          does not play without interruptions, download the zip file of the movie 
          to your hard drive instead. This higher quality movie file (golden.rm) 
          can be extracted from the zip file and then played locally from your 
          hard drive using Real Player 5.0.</font><br>
        </p>
        <table border="0">
          <tr> 
            <td><a href="golden28.ram"><img src="d_28.gif" width="70" height="67" border="0"></a></td>
            <td><a href="golden56.ram"><img src="d_56.gif" width="70" height="67" border="0"></a></td>
            <td><a href="goldenisdn.ram"><img src="d_isdn.gif" width="70" height="67" border="0"></a></td>
            <td><a href="golden.zip"><img src="d_zipf.gif" width="70" height="67" border="0"></a></td>
            <td><font face="Arial, Helvetica, sans-serif" size="2"><a href="http://www.real.com/products/player/downloadrealplayer.html?wp=dl0498&src=download"><img src="rplayer.gif" width="88" height="32" hspace="40" border="0"></a></font></td>
          </tr>
        </table>
        <br>
        <table border="0" width="100%">
          <tr> 
            <td colspan="2"><img src="t_links.gif" width="269" height="26"> </td>
            <td rowspan="4" valign="bottom" align="right"><a href="gall9.html"><img src="gall9s.gif" width="90" height="61" border="3" vspace="5" hspace="5"></a><br>
              <a href="gall10.html"><img src="gall10s.gif" width="90" height="61" border="3" vspace="5" hspace="5"></a></td>
          </tr>
          <tr> 
            <td><a href="http://www.sikhs.org/gurdw_a.htm"><img src="bullet.gif" width="38" height="39" border="0"></a></td>
            <td><font face="Arial, Helvetica, sans-serif" size="2">The Golden 
              Temple<br>
              (Gurdwaras category, Way of Life section)</font></td>
          </tr>
          <tr> 
            <td><a href="..\art8.htm"><img src="bullet.gif" width="38" height="39" border="0"></a></td>
            <td><font face="Arial, Helvetica, sans-serif" size="2">A Day at Darbar 
              Sahib by Patwant Singh<br>
              (Essays category, Resources section)</font></td>
          </tr>
          <tr> 
            <td><a href="..\other.htm#screen"><img src="bullet.gif" width="38" height="39" border="0"></a></td>
            <td><font face="Arial, Helvetica, sans-serif" size="2">Golden Temple 
              Windows Wallpaper<br>
              (Other Resources category, Resources section)</font></td>
          </tr>
        </table>
        <p>&nbsp; </p>
      </td>
      <td valign="top" align="right"><img src="t_photos1.gif" width="100" height="26"><br>
        <font face="Arial, Helvetica, sans-serif" size="1">click on images</font><br>
        <a href="gall1.html"><img src="gall1s.gif" width="60" height="90" vspace="5" hspace="5" border="3"></a><br>
        <a href="gall2.html"><img src="gall2s.gif" width="60" height="90" vspace="5" hspace="5" border="3"></a><br>
        <a href="gall3.html"><img src="gall3s.gif" width="59" height="90" border="3" vspace="5" hspace="5"></a><br>
        <a href="gall4.html"><img src="gall4s.gif" width="59" height="90" border="3" vspace="5" hspace="5"></a><br>
        <a href="gall5.html"><img src="gall5s.gif" width="60" height="90" border="3" vspace="5" hspace="5"></a><br>
        <a href="gall6.html"><img src="gall6s.gif" width="60" height="90" border="3" vspace="5" hspace="5"></a><br>
        <a href="gall7.html"><img src="gall7s.gif" width="60" height="90" border="3" vspace="5" hspace="5"></a><br>
        <a href="gall8.html"><img src="gall8s.gif" width="57" height="90" border="3" vspace="5" hspace="5"></a><br>
      </td>
    </tr>
  </table>
  <table border="0">
    <tr>
      <td><a href="..\topics.htm"><img src="ball_o.gif" width="30" height="30" border="0"></a></td>
      <td><font size="3" face="Arial, Helvetica, sans-serif"><b><font size="2">Back 
        to The Sikhism Home Page</font></b></font></td>
    </tr>
  </table>
  <p><img src="copyrigh.gif" width="243" height="70" alt="Copyright 1998 Sandeep Singh Brar. All Rights Reserved."> 
  
  <table border="0" width="300">
    <tr> 
      <td><font face="Arial, Helvetica, sans-serif" size="1">No images, photographs, 
        panoramics or movies from this web site can be reproduced, copied or used 
        in any manner without express written permission of the artist, Sandeep 
        Singh Brar.</font></td>
    </tr>
  </table>
  <p>&nbsp; </p>
</center>
<map name="gplan">
  <area shape="circle" coords="297,265,13" href="pano9.html">
  <area shape="circle" coords="43,262,14" href="pano8.html">
  <area shape="circle" coords="313,189,14" href="pano7.html">
  <area shape="circle" coords="231,165,14" href="pano6.html">
  <area shape="circle" coords="187,180,12" href="pano5.html">
  <area shape="circle" coords="163,198,14" href="pano4.html">
  <area shape="circle" coords="167,153,14" href="pano3.html">
  <area shape="circle" coords="43,109,15" href="pano2.html">
  <area shape="circle" coords="130,52,15" href="pano1.html">  
</map>
</body>
</html>
