<html>
<head>
<title>The Sikhism Home Page</title>
<meta http-equiv="Content-Type" content="text/html; charset=iso-8859-1">
</head>

<body bgcolor="#FFFFFF">
<center>
  <img src="vtour.gif" width="451" height="150"> <br>
  <table border="0">
    <tr>
      <td align="center"><img src="t_pano.gif" width="269" height="26"><br>

<APPLET code="pano.class" height="241" width="306">
<PARAM name=backgroundImage value="goldframe1.gif">
<PARAM name=leftMargin value="33">
<PARAM name=topMargin value="33">
<PARAM name=displayWidth value="240">
<PARAM name=displayHeight value="175">
<PARAM name=file value="pano9.ivr">
<param name=autoSpin value="0">
<param name=altImage value="loading.gif">
        </APPLET>
<br>
        <font face="Arial, Helvetica, sans-serif" size="1">When the picture finishes 
        downloading,<br>
        click on it and drag your mouse to the left or right.</font></td>
    </tr>
  </table>
    <p><a href="index.html"><img src="b_back.gif" width="70" height="67" border="0"></a> 
  </p>
 <p><img src="copyrigh.gif" width="243" height="70" alt="Copyright 1998 Sandeep Singh Brar. All Rights Reserved."><br>
  <table border="0" width="300">
    <tr>
      <td><font face="Arial, Helvetica, sans-serif" size="1">No images, photographs, 
        panoramics or movies from this web site can be reproduced, copied or used 
        in any manner without express written permission of the artist, Sandeep 
        Singh Brar.</font></td>
    </tr>
  </table>
</center>
</body>
</html>
